==============================================================================
Suites                                                                        
==============================================================================
Suites.LocalTest                                                              
==============================================================================
Run Local Tests on BrwoseStack                                        | PASS |
------------------------------------------------------------------------------
Suites.LocalTest                                                      | PASS |
1 critical test, 1 passed, 0 failed
1 test total, 1 passed, 0 failed
==============================================================================
Suites                                                                | PASS |
1 critical test, 1 passed, 0 failed
1 test total, 1 passed, 0 failed
==============================================================================
Output:  /Users/nithyamani/eclipse-workspace/browserstack-robot-framework/test/pabot_results/Suites.LocalTest/output.xml
