==============================================================================
Suites                                                                        
==============================================================================
Suites.Appium ios                                                             
==============================================================================
Appium Test on BrowserStack                                           | PASS |
------------------------------------------------------------------------------
Suites.Appium ios                                                     | PASS |
1 critical test, 1 passed, 0 failed
1 test total, 1 passed, 0 failed
==============================================================================
Suites                                                                | PASS |
1 critical test, 1 passed, 0 failed
1 test total, 1 passed, 0 failed
==============================================================================
Output:  /Users/nithyamani/eclipse-workspace/browserstack-robot-framework/apps/test/pabot_results/Suites.Appium ios/output.xml
