==============================================================================
Suites                                                                        
==============================================================================
Suites.Suite3                                                                 
==============================================================================
Parallel Tests                                                        | PASS |
------------------------------------------------------------------------------
Suites.Suite3                                                         | PASS |
1 critical test, 1 passed, 0 failed
1 test total, 1 passed, 0 failed
==============================================================================
Suites                                                                | PASS |
1 critical test, 1 passed, 0 failed
1 test total, 1 passed, 0 failed
==============================================================================
Output:  /Users/nithyamani/eclipse-workspace/browserstack-robot-framework/web/test/parallel/pabot_results/Suites.Suite3.Parallel Tests/output.xml
