==============================================================================
Suites                                                                        
==============================================================================
Suites.Suite1                                                                 
==============================================================================
Parallel Tests 2                                                      | PASS |
------------------------------------------------------------------------------
Suites.Suite1                                                         | PASS |
1 critical test, 1 passed, 0 failed
1 test total, 1 passed, 0 failed
==============================================================================
Suites                                                                | PASS |
1 critical test, 1 passed, 0 failed
1 test total, 1 passed, 0 failed
==============================================================================
Output:  /Users/nithyamani/eclipse-workspace/browserstack-robot-framework/web/test/parallel/pabot_results/Suites.Suite1.Parallel Tests 2/output.xml
